// Jest Snapshot v1, https://goo.gl/fbAQLP

exports[`should render AddExpense correctly 1`] = `
<div>
  <h2>
    Add Expenses
  </h2>
  <ExpenseForm
    onSubmit={[Function]}
  />
</div>
`;
