// Jest Snapshot v1, https://goo.gl/fbAQLP

exports[`should render EditExpensePage 1`] = `
<div>
  <ExpenseForm
    expense={
      Object {
        "amount": 1000,
        "createdAt": 333,
        "description": "test 1",
        "id": "1",
        "note": "test 1",
      }
    }
    onSubmit={[Function]}
  />
  <button
    onClick={[Function]}
  >
    Remove
  </button>
</div>
`;
