// Jest Snapshot v1, https://goo.gl/fbAQLP

exports[`should render ExpenseList with expenses 1`] = `
<div>
  <Connect(withRouter())
    amount={1000}
    createdAt={0}
    description="test 1"
    id={1}
    key="1"
    note="test 1"
  />
  <Connect(withRouter())
    amount={2000}
    createdAt={-345600000}
    description="test 2"
    id={2}
    key="2"
    note="test 2"
  />
  <Connect(withRouter())
    amount={3000}
    createdAt={345600000}
    description="test 3"
    id={3}
    key="3"
    note="test 3"
  />
</div>
`;

exports[`should render empty message when no data provided 1`] = `
<div>
  <p>
    No expenses
  </p>
</div>
`;
