// Jest Snapshot v1, https://goo.gl/fbAQLP

exports[`should render ExpensesSummary correctly 1`] = `
<div>
  Viewing 
   
  expenses
   totalling 
</div>
`;
